<html>
<body>
<pre>
<h1>µVision Build Log</h1>
<h2>Tool Versions:</h2>
IDE-Version: ¦ÌVision V5.24.2.0
Copyright (C) 2017 ARM Ltd and ARM Germany GmbH. All rights reserved.
License Information: zg zg, zgzg, LIC=JDA30-BEMQD-RFXIZ-JN94H-YNS0C-JKAJV
 
Tool Versions:
Toolchain:       MDK-ARM Professional  Version: 5.24.1
Toolchain Path:  C:\Keil_v5\ARM\ARMCC\Bin
C Compiler:      Armcc.exe V5.06 update 5 (build 528)
Assembler:       Armasm.exe V5.06 update 5 (build 528)
Linker/Locator:  ArmLink.exe V5.06 update 5 (build 528)
Library Manager: ArmAr.exe V5.06 update 5 (build 528)
Hex Converter:   FromElf.exe V5.06 update 5 (build 528)
CPU DLL:         SARMCM3.DLL V5.24.1
Dialog DLL:      DCM.DLL V1.16.0.0
Target DLL:      STLink\ST-LINKIII-KEIL_SWO.dll V3.0.1.0
Dialog DLL:      TCM.DLL V1.32.0.0
 
<h2>Project:</h2>
C:\Users\zhoug\Documents\STM32_PRO\Handle_code_new\Handheld_v2.0\MDK-ARM\Handheld_v2.0.uvprojx
Project File Date:  08/31/2017

<h2>Output:</h2>
*** Using Compiler 'V5.06 update 5 (build 528)', folder: 'C:\Keil_v5\ARM\ARMCC\Bin'
Build target 'Handheld_v2.0'
compiling stm32f4xx_hal_i2c_ex.c...
compiling stm32f4xx_hal_pwr_ex.c...
compiling stm32f4xx_hal_gpio.c...
compiling stm32f4xx_hal_i2c.c...
compiling stm32f4xx_hal_flash.c...
compiling stm32f4xx_hal_rtc_ex.c...
compiling stm32f4xx_hal_adc_ex.c...
compiling stm32f4xx_hal_dma.c...
compiling stm32f4xx_hal_flash_ramfunc.c...
compiling stm32f4xx_hal_rtc.c...
compiling stm32f4xx_hal_flash_ex.c...
compiling stm32f4xx_hal_tim.c...
compiling stm32f4xx_hal_uart.c...
compiling stm32f4xx_hal_adc.c...
compiling stm32f4xx_hal_rcc.c...
compiling stm32f4xx_hal_rcc_ex.c...
compiling stm32f4xx_hal.c...
compiling stm32f4xx_hal_dma_ex.c...
compiling stm32f4xx_hal_cortex.c...
compiling stm32f4xx_hal_pwr.c...
compiling croutine.c...
compiling timers.c...
compiling stm32f4xx_hal_tim_ex.c...
compiling stm32f4xx_ll_sdmmc.c...
compiling heap_4.c...
compiling queue.c...
compiling tasks.c...
compiling event_groups.c...
compiling cmsis_os.c...
compiling list.c...
compiling port.c...
assembling startup_stm32f411xe.s...
compiling stm32f4xx_hal_sd.c...
compiling dma.c...
compiling stm32f4xx_hal_msp.c...
compiling i2c.c...
compiling usart.c...
compiling rtc.c...
compiling gpio.c...
compiling tim.c...
compiling stm32f4xx_it.c...
compiling stm32f4xx_hal_timebase_TIM.c...
compiling adc.c...
compiling main.c...
compiling freertos.c...
../Src/freertos.c(158): warning:  #223-D: function "Generate_Data" declared implicitly
      Generate_Data(&Data_Pack,1,20,(unsigned char *)sys.ecg1buff);//ecg data
../Src/freertos.c(165): warning:  #223-D: function "SendPACK" declared implicitly
      SendPACK(0xff,Data_Pack.size,Data_Pack.buffer);
../Src/freertos.c(131): warning:  #177-D: variable "count"  was declared but never referenced
    uint32_t count;
../Src/freertos.c(175): warning:  #177-D: variable "countmpu"  was declared but never referenced
      static int count=0,countmpu=0,countother=0,i;
../Src/freertos.c(175): warning:  #177-D: variable "countother"  was declared but never referenced
      static int count=0,countmpu=0,countother=0,i;
../Src/freertos.c(175): warning:  #177-D: variable "i"  was declared but never referenced
      static int count=0,countmpu=0,countother=0,i;
../Src/freertos.c(176): warning:  #177-D: variable "temp"  was declared but never referenced
      static unsigned char temp=0,temp2=0;
../Src/freertos.c(176): warning:  #177-D: variable "temp2"  was declared but never referenced
      static unsigned char temp=0,temp2=0;
../Src/freertos.c(200): warning:  #223-D: function "GetPress" declared implicitly
      key=GetPress();
../Src/freertos.c(194): warning:  #177-D: variable "count"  was declared but never referenced
    uint32_t count,key=0,key_new=0;
../Src/freertos.c(194): warning:  #177-D: variable "key_new"  was declared but never referenced
    uint32_t count,key=0,key_new=0;
../Src/freertos.c: 11 warnings, 0 errors
compiling sdio.c...
compiling fatfs.c...
compiling bsp_driver_sd.c...
compiling DataScope_DP.c...
..\Hardware\DataScope_DP.c(57): warning:  #167-D: argument of type "unsigned char *" is incompatible with parameter of type "const char *"
  	size=strlen(s);
..\Hardware\DataScope_DP.c: 1 warning, 0 errors
compiling sys.c...
compiling MY_Uart.c...
..\Hardware\MY_Uart.c(94): warning:  #167-D: argument of type "volatile short *" is incompatible with parameter of type "void *restrict"
            memcpy(sys.ecg1buff,&Rbuff->buffer[i+2],20);
..\Hardware\MY_Uart.c(100): warning:  #167-D: argument of type "volatile short *" is incompatible with parameter of type "void *restrict"
            memcpy(sys.ecg2buff,&Rbuff->buffer[i+2],20);
..\Hardware\MY_Uart.c(106): warning:  #167-D: argument of type "volatile short *" is incompatible with parameter of type "void *restrict"
            memcpy(sys.ecg3buff,&Rbuff->buffer[i+2],20);
..\Hardware\MY_Uart.c(88): warning:  #177-D: variable "ecgs1"  was declared but never referenced
        short int ecgs1[10],ecgs2[10],ecgs3[10];
..\Hardware\MY_Uart.c(88): warning:  #177-D: variable "ecgs2"  was declared but never referenced
        short int ecgs1[10],ecgs2[10],ecgs3[10];
..\Hardware\MY_Uart.c(88): warning:  #177-D: variable "ecgs3"  was declared but never referenced
        short int ecgs1[10],ecgs2[10],ecgs3[10];
..\Hardware\MY_Uart.c: 6 warnings, 0 errors
compiling SDCard.c...
compiling system_stm32f4xx.c...
compiling key.c...
..\Hardware\key.c(65): warning:  #1-D: last line of file ends without a newline
  }
..\Hardware\key.c: 1 warning, 0 errors
compiling sd_diskio.c...
compiling syscall.c...
compiling diskio.c...
compiling ff_gen_drv.c...
compiling ff.c...
linking...
Program Size: Code=53060 RO-data=780 RW-data=1288 ZI-data=32672  
"Handheld_v2.0\Handheld_v2.0" - 0 Error(s), 19 Warning(s).

<h2>Software Packages used:</h2>

Package Vendor: ARM
                http://www.keil.com/pack/ARM.CMSIS.5.1.0.pack
                ARM.CMSIS.5.1.0
                CMSIS (Cortex Microcontroller Software Interface Standard)
   * Component: CORE Version: 5.0.2

Package Vendor: Keil
                http://www.keil.com/pack/Keil.STM32F4xx_DFP.2.11.0.pack
                Keil.STM32F4xx_DFP.2.11.0
                STMicroelectronics STM32F4 Series Device Support, Drivers and Examples

<h2>Collection of Component include folders:</h2>
  .\RTE\_Handheld_v2.0
  C:\Keil_v5\ARM\PACK\ARM\CMSIS\5.1.0\CMSIS\Include
  C:\Keil_v5\ARM\PACK\Keil\STM32F4xx_DFP\2.11.0\Drivers\CMSIS\Device\ST\STM32F4xx\Include

<h2>Collection of Component Files used:</h2>

   * Component: ARM::CMSIS:CORE:5.0.2
Build Time Elapsed:  00:00:52
</pre>
</body>
</html>
