<html>
<body>
<pre>
<h1>µVision Build Log</h1>
<h2>Project:</h2>
C:\Users\zhoug\Documents\STM32 PRO\Handle_code_new\Handheld_v2.0\MDK-ARM\Handheld_v2.0.uvprojx
Project File Date:  08/18/2017

<h2>Output:</h2>
Build target 'Handheld_v2.0'
compiling stm32f4xx_hal_i2c.c...
compiling stm32f4xx_hal_gpio.c...
compiling stm32f4xx_hal_pwr_ex.c...
compiling stm32f4xx_hal_i2c_ex.c...
compiling stm32f4xx_hal_rtc_ex.c...
compiling stm32f4xx_hal_flash.c...
compiling stm32f4xx_hal_adc_ex.c...
compiling stm32f4xx_hal_dma.c...
compiling stm32f4xx_hal_flash_ramfunc.c...
compiling stm32f4xx_hal_tim.c...
compiling stm32f4xx_hal_rtc.c...
compiling stm32f4xx_hal_flash_ex.c...
compiling stm32f4xx_hal_uart.c...
compiling stm32f4xx_hal_adc.c...
compiling stm32f4xx_hal_rcc.c...
compiling stm32f4xx_hal_rcc_ex.c...
compiling stm32f4xx_hal_dma_ex.c...
compiling stm32f4xx_hal.c...
compiling stm32f4xx_hal_pwr.c...
compiling stm32f4xx_hal_cortex.c...
compiling stm32f4xx_hal_tim_ex.c...
compiling stm32f4xx_ll_sdmmc.c...
compiling stm32f4xx_hal_sd.c...
compiling croutine.c...
compiling timers.c...
compiling heap_4.c...
compiling tasks.c...
compiling queue.c...
compiling cmsis_os.c...
compiling event_groups.c...
compiling port.c...
compiling list.c...
assembling startup_stm32f411xe.s...
compiling stm32f4xx_hal_msp.c...
compiling dma.c...
compiling i2c.c...
compiling usart.c...
compiling gpio.c...
compiling rtc.c...
compiling tim.c...
compiling stm32f4xx_it.c...
compiling main.c...
compiling stm32f4xx_hal_timebase_TIM.c...
compiling adc.c...
compiling freertos.c...
compiling sdio.c...
compiling fatfs.c...
compiling bsp_driver_sd.c...
compiling DataScope_DP.c...
..\Hardware\DataScope_DP.c(117): warning:  #177-D: variable "p" was declared but never referenced
      unsigned char *p;
..\Hardware\DataScope_DP.c: 1 warning, 0 errors
compiling MY_Uart.c...
..\Hardware\MY_Uart.h(12): warning:  #1-D: last line of file ends without a newline
        
..\Hardware\MY_Uart.c: 1 warning, 0 errors
compiling sys.c...
compiling SDCard.c...
compiling system_stm32f4xx.c...
compiling sd_diskio.c...
compiling syscall.c...
compiling diskio.c...
compiling ff.c...
compiling ff_gen_drv.c...
linking...
Program Size: Code=39036 RO-data=748 RW-data=184 ZI-data=32056  
"Handheld_v2.0\Handheld_v2.0" - 0 Error(s), 2 Warning(s).

<h2>Software Packages used:</h2>

Package Vendor: ARM
                http://www.keil.com/pack/ARM.CMSIS.4.1.0.pack
                ARM::CMSIS:CORE:3.30.0
                CMSIS (Cortex Microcontroller Software Interface Standard)
   * Component: CORE Version: 3.30.0

<h2>Collection of Component include folders:</h2>
  C:\Users\zhoug\Documents\STM32 PRO\Handle_code_new\Handheld_v2.0\MDK-ARM\RTE
  D:\Keil_v5\ARM\PACK\ARM\CMSIS\4.1.0\CMSIS\Include
  D:\Keil_v5\ARM\PACK\Keil\STM32F4xx_DFP\2.2.0\Drivers\CMSIS\Device\ST\STM32F4xx\Include

<h2>Collection of Component Files used:</h2>

   * Component: ARM::CMSIS:CORE:3.30.0
      Source file:   CMSIS\UserCodeTemplates\ARM\ITM_Retarget.c
</pre>
</body>
</html>
