<html>
<body>
<pre>
<h1>µVision Build Log</h1>
<h2>Tool Versions:</h2>
IDE-Version: ¦ÌVision V5.24.2.0
Copyright (C) 2017 ARM Ltd and ARM Germany GmbH. All rights reserved.
License Information: zg zg, zgzg, LIC=JDA30-BEMQD-RFXIZ-JN94H-YNS0C-JKAJV
 
Tool Versions:
Toolchain:       MDK-ARM Professional  Version: 5.24.1
Toolchain Path:  C:\Keil_v5\ARM\ARMCC\Bin
C Compiler:      Armcc.exe V5.06 update 5 (build 528)
Assembler:       Armasm.exe V5.06 update 5 (build 528)
Linker/Locator:  ArmLink.exe V5.06 update 5 (build 528)
Library Manager: ArmAr.exe V5.06 update 5 (build 528)
Hex Converter:   FromElf.exe V5.06 update 5 (build 528)
CPU DLL:         SARMCM3.DLL V5.24.1
Dialog DLL:      DCM.DLL V1.16.0.0
Target DLL:      STLink\ST-LINKIII-KEIL_SWO.dll V3.0.1.0
Dialog DLL:      TCM.DLL V1.32.0.0
 
<h2>Project:</h2>
C:\Users\zhoug\Documents\STM32_PRO\Wearable_code\MDK-ARM\Wearable_code.uvprojx
Project File Date:  08/24/2017

<h2>Output:</h2>
*** Using Compiler 'V5.06 update 5 (build 528)', folder: 'C:\Keil_v5\ARM\ARMCC\Bin'
Build target 'Wearable_code'
compiling AD5933.c...
..\Hardware\AD5933.c(100): warning:  #177-D: variable "temp"  was declared but never referenced
  	HAL_StatusTypeDef temp;
..\Hardware\AD5933.c(110): warning:  #550-D: variable "temputer"  was set but never used
  	float temputer=0;
..\Hardware\AD5933.c(131): warning:  #223-D: function "osDelay" declared implicitly
  	osDelay(100);
..\Hardware\AD5933.c(157): warning:  #111-D: statement is unreachable
  			 break;
..\Hardware\AD5933.c(163): warning:  #940-D: missing return statement at end of non-void function "Sample" 
   }// end of sweep function
..\Hardware\AD5933.c(167): warning:  #177-D: variable "temp"  was declared but never referenced
  	HAL_StatusTypeDef temp;
..\Hardware\AD5933.c: 6 warnings, 0 errors
linking...
Program Size: Code=41976 RO-data=596 RW-data=1288 ZI-data=19472  
"Wearable_code\Wearable_code.axf" - 0 Error(s), 6 Warning(s).

<h2>Software Packages used:</h2>

Package Vendor: ARM
                http://www.keil.com/pack/ARM.CMSIS.5.1.0.pack
                ARM.CMSIS.5.1.0
                CMSIS (Cortex Microcontroller Software Interface Standard)
   * Component: CORE Version: 5.0.2

Package Vendor: Keil
                http://www.keil.com/pack/Keil.STM32F4xx_DFP.2.11.0.pack
                Keil.STM32F4xx_DFP.2.11.0
                STMicroelectronics STM32F4 Series Device Support, Drivers and Examples

<h2>Collection of Component include folders:</h2>
  .\RTE\_Wearable_code
  C:\Keil_v5\ARM\PACK\ARM\CMSIS\5.1.0\CMSIS\Include
  C:\Keil_v5\ARM\PACK\Keil\STM32F4xx_DFP\2.11.0\Drivers\CMSIS\Device\ST\STM32F4xx\Include

<h2>Collection of Component Files used:</h2>

   * Component: ARM::CMSIS:CORE:5.0.2
Build Time Elapsed:  00:00:05
</pre>
</body>
</html>
